2025-02-01T14:49:44.896Z GET /api/users 401 3.798 ms
2025-02-01T14:49:45.097Z GET /favicon.ico 404 4.669 ms
2025-02-01T14:49:50.468Z GET /api/users 401 0.791 ms
2025-02-01T14:50:01.194Z GET /api/users/login 401 0.739 ms
2025-02-01T14:50:58.325Z GET /api/users/login 401 0.262 ms
2025-02-01T14:53:22.376Z POST /api/users/login 400 5.930 ms
2025-02-01T14:53:28.749Z POST /api/users/login 200 110.298 ms
2025-02-01T14:54:23.756Z POST /api/users 201 98.336 ms
2025-02-01T14:55:09.360Z GET /api/cards 200 9.096 ms
2025-02-01T14:57:30.034Z POST /api/users/login 200 62.519 ms
2025-02-01T14:57:58.033Z POST /api/users/login 200 62.050 ms
2025-02-01T14:58:51.321Z POST /api/cards 201 9.840 ms
2025-02-01T14:59:03.098Z POST /api/users/login 200 55.876 ms
2025-02-01T14:59:36.201Z POST /api/cards 201 8.092 ms
2025-02-01T14:59:45.705Z GET /api/cards 200 2.822 ms
2025-02-01T15:00:14.201Z GET /api/users 401 0.971 ms
2025-02-01T15:00:24.283Z GET /api/user 404 5.574 ms
2025-02-01T15:00:27.529Z GET /api/users 401 1.907 ms
2025-02-01T15:00:41.670Z GET /api/users 401 1.725 ms
2025-02-01T15:00:47.637Z GET /api/users 401 0.264 ms
2025-02-01T15:00:51.817Z GET /api/users 401 1.591 ms
2025-02-01T16:14:02.070Z GET /api/users 401 2.251 ms
2025-02-01T16:14:26.400Z GET /api/cards 200 5.903 ms
2025-02-01T16:14:32.768Z GET /api/cards 200 2.108 ms
2025-02-01T16:14:44.581Z GET /api/cards/my-cards 401 0.784 ms
2025-02-01T16:14:54.777Z GET /api/cards/my-cards 401 0.174 ms
2025-02-01T16:14:57.689Z GET /api/cards 200 2.320 ms
2025-02-01T19:15:37.869Z GET /api/cards/my-cards 401 2.176 ms
2025-02-01T19:18:39.273Z GET /api/cards/my-cards 200 17.129 ms
2025-02-01T19:20:17.061Z GET /api/cards 200 3.054 ms
2025-02-01T19:21:50.875Z POST /api/cards 201 10.355 ms
2025-02-01T19:22:00.779Z POST /api/users/login 200 98.786 ms
2025-02-01T19:22:46.595Z POST /api/cards 201 7.406 ms
2025-02-01T19:22:56.952Z POST /api/users/login 200 87.784 ms
2025-02-01T19:23:18.475Z POST /api/cards 403 3.568 ms
2025-02-01T19:23:36.054Z GET /api/cards/my-cards 200 5.536 ms
2025-02-01T19:24:05.918Z GET /api/cards 200 3.716 ms
2025-02-01T19:24:23.785Z GET /api/cards/679e36abfe28b25e653bcdee 200 2.386 ms
2025-02-01T19:25:42.186Z POST /api/users/login 200 110.139 ms
2025-02-01T19:25:52.892Z POST /api/cards 201 7.864 ms
2025-02-01T19:26:26.848Z PUT /api/cards/679e36abfe28b25e653bcdee 400 35.505 ms
2025-02-01T19:28:24.314Z PUT /api/cards/679e36abfe28b25e653bcdee 400 13.663 ms
2025-02-01T19:29:40.530Z PUT /api/cards/679e36abfe28b25e653bcdee 200 10.122 ms
2025-02-01T19:30:00.960Z PUT /api/cards/679e36abfe28b25e653bcdee 200 9.132 ms
2025-02-01T19:30:08.281Z PUT /api/cards/679e36abfe28b25e653bcdee 200 13.216 ms
2025-02-01T19:37:58.740Z PUT /api/cards/679e36abfe28b25e653bcdee 403 7.490 ms
2025-02-01T19:38:01.554Z PUT /api/cards/679e36abfe28b25e653bcdee 403 3.748 ms
2025-02-01T19:38:22.603Z PUT /api/cards/679e36abfe28b25e653bcdee 403 7.744 ms
2025-02-01T19:38:25.735Z PUT /api/cards/679e36abfe28b25e653bcdee 403 9.079 ms
2025-02-01T19:38:28.303Z PUT /api/cards/679e36abfe28b25e653bcdee 403 9.119 ms
2025-02-01T19:38:30.412Z PUT /api/cards/679e36abfe28b25e653bcdee 403 5.404 ms
2025-02-01T19:38:43.832Z PUT /api/cards/679e36abfe28b25e653bcdee 403 4.449 ms
2025-02-01T19:38:49.687Z PUT /api/cards/679e36abfe28b25e653bcdee 403 5.306 ms
2025-02-01T19:38:55.831Z PUT /api/cards/679e36abfe28b25e653bcdee 403 4.810 ms
2025-02-01T19:39:46.805Z PUT /api/cards/679e36abfe28b25e653bcdee 403 5.725 ms
2025-02-01T19:39:53.413Z PUT /api/cards/679e36abfe28b25e653bcdee 403 4.863 ms
2025-02-01T19:48:28.127Z PUT /api/cards/679e36abfe28b25e653bcdee 403 7.457 ms
2025-02-01T19:48:29.370Z PUT /api/cards/679e36abfe28b25e653bcdee 403 3.779 ms
2025-02-01T19:48:30.222Z PUT /api/cards/679e36abfe28b25e653bcdee 403 5.073 ms
2025-02-01T19:48:55.614Z PUT /api/cards/679e36abfe28b25e653bcdee 403 11.450 ms
2025-02-01T19:48:58.481Z PUT /api/cards/679e36abfe28b25e653bcdee 403 5.195 ms
2025-02-01T19:50:09.145Z POST /api/users 400 3.539 ms
2025-02-01T19:52:09.964Z GET /api/users 401 3.170 ms
2025-02-01T19:53:22.802Z POST /api/users 400 2.850 ms
2025-02-01T19:53:36.418Z POST /api/users 400 2.939 ms
2025-02-01T19:53:43.247Z POST /api/users 201 85.741 ms
2025-02-01T19:55:20.102Z POST /api/cards 201 10.641 ms
2025-02-03T12:37:14.321Z GET /api/cards/my-cards 200 19.877 ms
2025-02-03T12:59:01.165Z GET /api/cards/my-cards 200 12.211 ms
2025-02-03T12:59:02.225Z GET /api/cards/my-cards 200 5.839 ms
2025-02-03T12:59:26.309Z GET /api/cards/my-cards 200 8.584 ms
2025-02-03T12:59:30.966Z GET /api/cards/my-cards 200 8.231 ms
2025-02-03T12:59:39.307Z GET /api/cards/my-card 500 2.425 ms
2025-02-03T12:59:43.105Z GET /api/cards/my-cards 200 7.242 ms
2025-02-03T13:06:24.212Z GET /api/cards/my-cards 200 8.519 ms
2025-02-03T13:06:25.038Z GET /api/cards/my-cards 200 3.819 ms
2025-02-03T13:06:34.648Z GET /api/cards/679e36abfe28b25e653bcdee 200 4.068 ms
2025-02-03T13:06:40.839Z GET /api/cards 200 6.562 ms
2025-02-03T13:06:47.415Z PUT /api/cards/679e36abfe28b25e653bcdee 403 8.699 ms
2025-02-03T13:07:16.745Z GET /api/cards/my-cards 200 4.639 ms
2025-02-03T13:07:19.112Z GET /api/cards/679e36abfe28b25e653bcdee 200 3.058 ms
2025-02-03T13:07:21.166Z GET /api/cards 200 3.881 ms
2025-02-03T13:09:25.468Z GET /api/users 401 1.011 ms
2025-02-03T13:09:28.784Z GET /api/users 401 0.972 ms
2025-02-03T18:59:18.858Z GET /api/cards/my-cards 200 10.046 ms
2025-02-03T18:59:31.483Z GET /api/cards/my-cards 200 7.948 ms
2025-02-03T19:01:47.870Z GET /api/cards/my-cards 200 8.653 ms
2025-02-03T19:08:54.913Z GET /api/cards 200 42.846 ms
2025-02-03T19:09:14.695Z GET /api/cards 200 10.625 ms
2025-02-03T19:11:54.332Z GET /api/cards 200 15.845 ms
2025-02-03T19:12:05.615Z GET /api/cards/my-cards 200 22.267 ms
2025-02-03T19:17:05.002Z GET /api/cards/my-cards 200 22.121 ms
2025-02-03T20:32:27.772Z GET /api/cards/my-cards 200 8.382 ms
2025-02-03T20:32:41.981Z GET /api/cards/my-cards 200 5.493 ms
2025-02-04T16:04:17.198Z GET /api/cards/my-cards 200 20.237 ms
2025-02-04T16:09:17.585Z GET /api/cards/65422172e443ec28a252c27d 404 6.479 ms
2025-02-04T16:09:36.449Z GET /api/cards/679e744efe28b25e653bcdfe 200 8.486 ms
2025-02-04T16:09:40.551Z GET /api/cards 200 17.476 ms
2025-02-04T16:11:31.349Z POST /api/cards 201 56.716 ms
2025-02-04T16:13:11.052Z PUT /api/cards/67a23c33ab1eb40e932ea365 200 68.072 ms
2025-02-04T16:13:33.289Z PATCH /api/cards/67a23c33ab1eb40e932ea365 401 2.601 ms
2025-02-04T16:14:07.679Z PATCH /api/cards/67a23c33ab1eb40e932ea365 401 3.237 ms
2025-02-04T16:14:25.617Z PATCH /api/cards/679e744efe28b25e653bcdfe 401 2.164 ms
2025-02-04T16:14:40.759Z PATCH /api/cards/67a23c33ab1eb40e932ea365 401 2.332 ms
2025-02-04T16:15:19.848Z GET /api/users679e26f12abd7c73116a4552 404 3.434 ms
2025-02-04T16:15:23.364Z GET /api/users679e26f12abd7c73116a4552 404 1.313 ms
2025-02-04T16:15:27.681Z GET /api/users/679e26f12abd7c73116a4552 401 2.131 ms
2025-02-04T16:15:37.045Z POST /api/users679e26f12abd7c73116a4552 404 0.544 ms
2025-02-04T16:15:47.298Z POST /api/users/login 200 242.011 ms
2025-02-04T16:16:02.866Z PATCH /api/cards/679e744efe28b25e653bcdfe 400 18.177 ms
2025-02-04T16:16:24.380Z PATCH /api/cards/679e744efe28b25e653bcdfe 400 10.695 ms
2025-02-04T16:16:44.265Z PATCH /api/cards/679e26f12abd7c73116a4558 404 9.594 ms
2025-02-04T16:16:58.532Z PATCH /api/cards/679e36d8fe28b25e653bcdf3 401 1.849 ms
2025-02-04T16:17:00.136Z PATCH /api/cards/679e36d8fe28b25e653bcdf3 401 3.108 ms
2025-02-04T16:17:25.258Z DELETE /api/cards/679e36d8fe28b25e653bcdf3 401 3.054 ms
2025-02-04T16:17:50.755Z DELETE /api/cards/679e36d8fe28b25e653bcdf3 200 55.292 ms
2025-02-04T16:18:04.969Z PATCH /api/cards/679e36d8fe28b25e653bcdf3 404 7.581 ms
2025-02-04T16:18:20.704Z PATCH /api/cards/679e744efe28b25e653bcdfe 400 14.504 ms
2025-02-04T16:28:22.281Z PATCH /api/cards/679e744efe28b25e653bcdfe 400 23.575 ms
2025-02-06T16:19:08.550Z PATCH /api/cards/679e744efe28b25e653bcdfe 200 56.518 ms
2025-02-06T16:19:15.359Z PATCH /api/cards/679e36d8fe28b25e653bcdf3 404 12.545 ms
2025-02-06T16:19:35.131Z PATCH /api/cards/679e744efe28b25e653bcdfe 200 10.486 ms
2025-02-06T16:19:44.460Z POST /api/users/login 200 106.154 ms
2025-02-06T16:20:43.210Z POST /api/users 201 137.294 ms
2025-02-06T16:20:54.227Z GET /api/users/679e26f12abd7c73116a4552 401 1.662 ms
2025-02-06T16:21:08.452Z POST /api/users/login 200 88.416 ms
2025-02-06T16:21:20.994Z GET /api/users/679e26f12abd7c73116a4552 200 46.972 ms
2025-02-06T16:21:28.998Z GET /api/users 401 1.252 ms
2025-02-06T16:21:37.316Z GET /api/users 200 45.119 ms
2025-02-06T16:34:57.554Z PUT /bcard2/users/6559f2dbdedf2db2b52bde42 404 2.880 ms
2025-02-06T16:36:19.175Z PUT /bcard2/users/6559f2dbdedf2db2b52bde42 404 1.185 ms
2025-02-06T16:36:36.530Z PUT /users/6559f2dbdedf2db2b52bde42 404 2.548 ms
2025-02-06T16:36:54.900Z PUT /api/users/6559f2dbdedf2db2b52bde42 401 13.691 ms
2025-02-06T16:37:07.200Z PUT /api/users/6559f2dbdedf2db2b52bde42 403 6.937 ms
2025-02-06T16:37:16.623Z PUT /api/users/6559f2dbdedf2db2b52bde42 403 4.875 ms
2025-02-06T16:39:34.403Z PUT /api/users/6559f2dbdedf2db2b52bde42 403 10.549 ms
2025-02-06T16:40:14.263Z POST /api/users/login 200 110.603 ms
2025-02-06T16:40:25.853Z PUT /api/users/6559f2dbdedf2db2b52bde42 403 4.475 ms
2025-02-06T16:40:37.973Z PUT /api/users/6559f2dbdedf2db2b52bde42 403 3.932 ms
2025-02-06T16:40:42.231Z PUT /api/users/6559f2dbdedf2db2b52bde42 403 4.317 ms
2025-02-06T16:41:09.530Z GET /api/cards 200 45.384 ms
2025-02-06T16:48:49.200Z PUT /api/users/679e26f12abd7c73116a4553 403 7.040 ms
2025-02-06T16:48:52.587Z PUT /api/users/679e26f12abd7c73116a4553 403 3.934 ms
2025-02-06T17:50:46.639Z POST /api/users/login 200 63.975 ms
2025-02-06T17:51:15.562Z PUT /api/users/679e26f12abd7c73116a4553 403 4.051 ms
2025-02-06T17:52:42.582Z PUT /api/users/679e26f12abd7c73116a4553 403 2.992 ms
2025-02-06T17:55:48.599Z PUT /api/users/679e26f12abd7c73116a4553 403 4.973 ms
2025-02-06T17:55:49.591Z PUT /api/users/679e26f12abd7c73116a4553 403 3.055 ms
2025-02-06T17:55:50.361Z PUT /api/users/679e26f12abd7c73116a4553 403 2.742 ms
2025-02-06T17:55:58.057Z PUT /api/users/679e26f12abd7c73116a4553 403 6.036 ms
2025-02-06T17:56:01.860Z PUT /api/users/679e26f12abd7c73116a4553 403 2.878 ms
2025-02-06T17:57:07.733Z GET /api/users 200 10.347 ms
2025-02-06T17:57:10.648Z GET /api/users 200 5.612 ms
2025-02-06T17:57:11.472Z GET /api/users 200 6.040 ms
2025-02-06T17:57:34.589Z GET /api/users 200 6.358 ms
2025-02-06T18:01:14.466Z GET /api/users 200 11.042 ms
2025-02-06T18:01:19.402Z GET /api/users 200 8.281 ms
2025-02-06T18:39:24.248Z GET /api/users 200 10.868 ms
2025-02-06T18:40:01.048Z GET /api/users/679e26f12abd7c73116a4552 200 8.703 ms
2025-02-06T18:40:18.338Z PUT /api/users/679e26f12abd7c73116a4552 200 17.635 ms
2025-02-06T18:40:27.460Z PUT /api/users/679e26f12abd7c73116a4552 200 8.134 ms
2025-02-06T18:40:31.408Z GET /api/users 200 8.086 ms
2025-02-06T18:40:42.607Z PUT /api/users/679e26f12abd7c73116a4552 200 5.763 ms
2025-02-06T18:41:16.218Z DELETE /api/users/67a4e15b4cdcf6dce10d0a81 401 1.946 ms
2025-02-06T18:41:35.135Z GET /api/users/67a4e15b4cdcf6dce10d0a81 200 5.715 ms
2025-02-06T18:41:49.148Z DELETE /api/users/67a4e15b4cdcf6dce10d0a81 200 6.870 ms
2025-02-06T18:42:07.606Z GET /api/users 200 4.857 ms
2025-02-06T18:42:20.683Z PATCH /api/users/679e26f12abd7c73116a4558 401 1.519 ms
2025-02-06T18:42:30.488Z POST /api/users/login 200 72.684 ms
2025-02-06T18:42:39.377Z POST /api/users/login 200 62.064 ms
2025-02-06T18:42:47.413Z PATCH /api/users/679e26f12abd7c73116a4558 200 5.984 ms
2025-02-06T18:43:12.458Z GET /api/cards 200 7.675 ms
2025-02-07T09:58:17.595Z PATCH /api/users/679e26f12abd7c73116a4558 200 63.566 ms
2025-02-07T09:58:19.678Z PATCH /api/users/679e26f12abd7c73116a4558 200 7.825 ms
2025-02-07T09:58:25.176Z PATCH /api/users/679e26f12abd7c73116a4558 200 8.221 ms
2025-02-07T20:39:11.002Z GET /api/cards 200 17.006 ms
2025-02-09T15:53:41.754Z POST /api/users/login 200 205.011 ms
2025-02-09T15:54:24.019Z POST /api/users/login 200 111.439 ms
2025-02-09T15:54:45.336Z PATCH /api/users/679e26f12abd7c73116a4558 200 13.121 ms
2025-02-09T15:55:04.666Z PATCH /api/users/679e26f12abd7c73116a4558 200 48.988 ms
2025-02-09T15:55:17.210Z PATCH /api/users/679e26f12abd7c73116a4558 200 9.271 ms
2025-02-09T15:55:22.417Z PATCH /api/users/679e26f12abd7c73116a4558 200 8.961 ms
2025-02-09T15:55:27.010Z PATCH /api/users/679e26f12abd7c73116a4558 200 7.211 ms
2025-02-09T15:55:28.900Z PATCH /api/users/679e26f12abd7c73116a4558 200 6.383 ms
2025-02-09T15:55:41.718Z PATCH /api/users/679e26f12abd7c73116a4558 200 8.439 ms
2025-02-09T15:55:47.838Z PATCH /api/users/679e26f12abd7c73116a4558 200 6.661 ms
2025-02-11T18:05:54.192Z GET /api/cards/my-cards 200 89.124 ms
2025-02-11T18:08:16.712Z GET /api/users/67a4e15b4cdcf6dce10d0a81 404 11.282 ms
2025-02-11T18:08:21.639Z GET /api/cards/my-cards 200 10.780 ms
2025-02-11T18:08:24.185Z GET /api/cards/my-cards 200 23.164 ms
2025-02-11T18:08:29.064Z GET /api/users 200 49.594 ms
2025-02-11T18:08:30.207Z GET /api/users 200 12.684 ms
2025-02-11T18:08:32.796Z GET /api/users/67a4e15b4cdcf6dce10d0a81 404 8.319 ms
2025-02-11T18:09:12.522Z GET /api/cards/679e744efe28b25e653bcdfe 200 3.523 ms
2025-02-11T18:09:18.358Z GET /api/users/67a4e15b4cdcf6dce10d0a81 404 4.102 ms
2025-02-11T18:09:21.130Z GET /api/users 200 9.698 ms
2025-02-11T18:09:24.392Z PUT /api/users/679e26f12abd7c73116a4552 200 19.752 ms
2025-02-11T18:09:27.666Z DELETE /api/users/67a4e15b4cdcf6dce10d0a81 404 42.709 ms
2025-02-11T18:10:38.542Z GET /api/cards 200 13.477 ms
2025-02-11T18:10:41.410Z GET /api/cards/679e744efe28b25e653bcdfe 200 5.780 ms
2025-02-11T18:10:44.679Z GET /api/cards/my-cards 200 18.875 ms
2025-02-11T18:10:50.032Z GET /api/cards/ 200 9.949 ms
2025-02-11T18:10:51.239Z GET /api/cards/ 200 7.324 ms
2025-02-11T18:10:57.905Z GET /api/ 404 2.112 ms
2025-02-11T18:11:01.559Z GET /api 404 1.746 ms
2025-02-11T18:11:04.509Z GET /apicards/my-cards 404 1.919 ms
2025-02-11T18:11:06.757Z GET /apicards/my-cards 404 1.703 ms
2025-02-11T18:11:11.121Z GET /api.cards/my-cards 404 1.170 ms
2025-02-11T18:11:14.363Z GET /api/cards/my-cards 200 12.340 ms
2025-02-11T18:11:19.579Z DELETE /api/cards/679e36d8fe28b25e653bcdf3 404 12.624 ms
2025-02-11T18:11:27.539Z PUT /api/cards/67a23c33ab1eb40e932ea365 200 21.546 ms
2025-02-11T18:11:33.273Z PUT /api/cards/ 404 0.548 ms
2025-02-11T18:11:41.033Z PUT /api/cards/67a23c33ab1eb40e932ea365 200 19.873 ms
2025-02-12T13:28:02.450Z GET /api/cards/my-cards 200 8.536 ms
2025-02-12T13:28:23.353Z GET /api/cards/my-cards 200 10.733 ms
2025-02-12T13:28:30.279Z GET /api/users 200 12.308 ms
2025-02-12T14:00:18.259Z GET /api/users 200 8.357 ms
2025-02-12T14:02:38.829Z DELETE /api/users/67a4e15b4cdcf6dce10d0a81 404 11.428 ms
2025-02-12T14:02:42.801Z PATCH /api/users/679e26f12abd7c73116a4558 200 15.100 ms
2025-02-12T14:20:07.219Z PATCH /api/users/679e26f12abd7c73116a4558 200 9.782 ms
2025-02-12T14:23:13.323Z PATCH /api/users/679e26f12abd7c73116a4558 200 10.087 ms
2025-02-12T14:31:02.330Z PATCH /api/users/679e26f12abd7c73116a4558 401 86.494 ms
2025-02-12T14:31:08.065Z GET /api/cards/my-cards 401 75.569 ms
2025-02-12T14:31:12.957Z GET /api/cards/my-cards 401 79.593 ms
2025-02-12T14:31:15.147Z GET /api/cards 200 75.958 ms
2025-02-12T14:31:16.583Z GET /api/cards 200 74.853 ms
2025-02-12T14:31:20.247Z GET /api/cards/my-cards 401 75.693 ms
2025-02-12T14:32:27.215Z GET /api/cards/my-cards 200 8.433 ms
2025-02-12T14:32:30.873Z GET /api/cards 200 4.612 ms
2025-02-12T14:36:11.978Z GET /api/cards 200 77.511 ms
2025-02-12T14:45:05.657Z GET /api/cards 200 75.949 ms
2025-02-12T14:45:09.429Z GET /api/cards/my-cards 200 144.963 ms
2025-02-12T14:45:12.759Z GET /api/cards/my-cards 200 142.091 ms
2025-02-12T14:45:16.013Z GET /api/cards 200 70.181 ms
2025-02-12T14:45:18.312Z GET /api/cards/my-cards 200 136.969 ms
2025-02-12T14:45:20.283Z GET /api/cards/679e744efe28b25e653bcdfe 404 68.067 ms
2025-02-12T18:01:09.797Z PATCH /api/cards/679e744efe28b25e653bcdfe 200 65.372 ms
2025-02-12T18:01:12.203Z GET /api/cards 200 7.646 ms
2025-02-12T18:02:51.862Z GET /api/cards 200 115.974 ms
2025-02-12T18:02:53.237Z GET /api/cards 200 89.075 ms
2025-02-12T18:02:55.054Z GET /api/cards/my-cards 200 172.946 ms
2025-02-12T18:15:43.841Z GET /api/cards 200 84.060 ms
2025-02-12T18:16:05.730Z GET /api/cards 304 88.663 ms
2025-02-12T18:16:05.821Z GET /api/cards 304 87.614 ms
2025-02-12T18:16:15.714Z GET /api/cards 304 100.687 ms
2025-02-12T18:16:15.803Z GET /api/cards 304 86.894 ms
2025-02-12T18:16:18.763Z GET /api/cards 304 85.522 ms
2025-02-12T18:16:18.848Z GET /api/cards 304 83.005 ms
2025-02-12T18:16:20.134Z PATCH /api/cards/679e26f12abd7c73116a4562 401 2.097 ms
2025-02-12T18:20:30.831Z GET /api/cards 304 86.376 ms
2025-02-12T18:20:30.920Z GET /api/cards 304 85.994 ms
2025-02-12T18:20:42.988Z POST /api/users/login 200 291.191 ms
2025-02-12T18:20:43.166Z GET /api/cards 304 90.982 ms
2025-02-12T18:20:43.258Z GET /api/cards 304 87.458 ms
2025-02-12T18:20:48.882Z PATCH /api/cards/679e26f12abd7c73116a455f 200 300.849 ms
2025-02-12T18:20:48.986Z GET /api/cards 200 90.708 ms
2025-02-12T18:20:54.735Z GET /api/cards 304 88.277 ms
2025-02-12T18:20:54.824Z GET /api/cards 304 85.855 ms
2025-02-12T18:21:23.348Z PATCH /api/cards/679e26f12abd7c73116a455f 200 251.454 ms
2025-02-12T18:21:23.450Z GET /api/cards 200 94.477 ms
2025-02-12T18:21:24.640Z GET /api/cards 304 95.965 ms
2025-02-12T18:21:24.728Z GET /api/cards 304 83.673 ms
2025-02-12T18:21:26.548Z PATCH /api/cards/679e26f12abd7c73116a455f 200 274.494 ms
2025-02-12T18:21:26.636Z GET /api/cards 200 82.846 ms
2025-02-12T18:21:27.983Z PATCH /api/cards/679e26f12abd7c73116a4562 200 248.726 ms
2025-02-12T18:21:28.069Z GET /api/cards 200 82.020 ms
2025-02-12T18:21:29.797Z PATCH /api/cards/679e36abfe28b25e653bcdee 200 247.834 ms
2025-02-12T18:21:29.886Z GET /api/cards 200 82.626 ms
2025-02-12T18:21:34.090Z GET /api/cards/679e36abfe28b25e653bcdee 200 84.578 ms
2025-02-12T18:21:34.181Z GET /api/cards/679e36abfe28b25e653bcdee 304 87.595 ms
2025-02-12T18:21:48.485Z GET /api/cards/my-cards 200 163.561 ms
2025-02-12T18:21:48.657Z GET /api/cards/my-cards 304 167.532 ms
2025-02-12T18:22:01.184Z POST /api/cards 201 277.246 ms
2025-02-12T18:22:01.398Z GET /api/cards/my-cards 200 169.738 ms
2025-02-12T18:22:01.570Z GET /api/cards/my-cards 304 167.600 ms
2025-02-12T18:22:03.472Z GET /api/cards/67ace6c93b332430e7258fb0 200 101.977 ms
2025-02-12T18:22:03.559Z GET /api/cards/67ace6c93b332430e7258fb0 304 84.370 ms
2025-02-12T18:22:11.443Z PUT /api/cards/67ace6c93b332430e7258fb0 200 255.026 ms
2025-02-12T18:22:11.639Z GET /api/cards/my-cards 200 167.022 ms
2025-02-12T18:22:11.807Z GET /api/cards/my-cards 304 165.252 ms
2025-02-12T18:22:13.923Z DELETE /api/cards/67ace6c93b332430e7258fb0 200 264.000 ms
2025-02-12T18:22:14.099Z GET /api/cards/my-cards 200 167.765 ms
2025-02-12T18:22:22.345Z POST /api/cards 201 269.936 ms
2025-02-12T18:22:22.574Z GET /api/cards/my-cards 200 173.137 ms
2025-02-12T18:22:22.755Z GET /api/cards/my-cards 304 174.502 ms
2025-02-12T18:22:27.148Z GET /api/users 200 183.318 ms
2025-02-12T18:22:27.315Z GET /api/users 304 165.276 ms
2025-02-12T18:22:29.060Z PATCH /api/users/679e26f12abd7c73116a454c 403 103.442 ms
2025-02-12T18:22:30.903Z PATCH /api/users/679e26f12abd7c73116a4552 403 84.487 ms
2025-02-12T18:22:40.583Z PATCH /api/users/679e26f12abd7c73116a4558 200 562.825 ms
2025-02-12T18:22:42.279Z PATCH /api/users/679e26f12abd7c73116a4558 200 182.235 ms
2025-02-12T18:22:43.405Z PATCH /api/users/679e26f12abd7c73116a454c 403 85.791 ms
2025-02-12T18:23:00.150Z PATCH /api/users/679e26f12abd7c73116a454c 403 100.359 ms
2025-02-12T18:23:02.339Z PATCH /api/users/679e26f12abd7c73116a4552 403 94.502 ms
2025-02-12T18:23:04.763Z PATCH /api/users/679e26f12abd7c73116a4558 200 182.357 ms
2025-02-12T18:23:05.354Z PATCH /api/users/679e26f12abd7c73116a4558 200 181.093 ms
2025-02-12T18:23:06.342Z PATCH /api/users/679e359ffe28b25e653bcde5 403 109.036 ms
2025-02-12T18:23:07.762Z PATCH /api/users/679e7bc7d7f03387dcae7be0 403 86.585 ms
2025-02-12T18:23:13.753Z PATCH /api/users/679e26f12abd7c73116a454c 403 194.632 ms
2025-02-12T18:23:34.839Z GET /api/users 304 166.072 ms
2025-02-12T18:23:35.007Z GET /api/users 304 164.894 ms
2025-02-12T18:23:41.242Z PATCH /api/users/679e26f12abd7c73116a4552 403 83.566 ms
2025-02-12T18:26:41.605Z GET /api/users 304 180.713 ms
2025-02-12T18:26:41.775Z GET /api/users 304 164.695 ms
2025-02-12T18:26:45.380Z PATCH /api/users/679e26f12abd7c73116a454c 403 107.621 ms
2025-02-12T18:26:47.483Z PATCH /api/users/679e26f12abd7c73116a4552 403 138.198 ms
2025-02-12T18:26:48.686Z PATCH /api/users/679e26f12abd7c73116a4558 200 284.143 ms
2025-02-12T18:26:55.019Z GET /api/cards 200 94.562 ms
2025-02-12T18:26:55.105Z GET /api/cards 304 82.732 ms
2025-02-12T18:27:17.486Z POST /api/users/login 200 309.840 ms
2025-02-12T18:27:17.678Z GET /api/cards 304 105.150 ms
2025-02-12T18:27:17.771Z GET /api/cards 304 88.129 ms
2025-02-12T18:27:20.662Z GET /api/cards/my-cards 200 180.408 ms
2025-02-12T18:27:20.829Z GET /api/cards/my-cards 304 164.434 ms
2025-02-12T18:27:22.155Z GET /api/cards 304 84.136 ms
2025-02-12T18:27:22.243Z GET /api/cards 304 84.831 ms
2025-02-12T18:27:24.288Z GET /api/cards 304 87.683 ms
2025-02-12T18:27:24.389Z GET /api/cards 304 96.482 ms
2025-02-12T18:27:28.148Z PATCH /api/cards/679e26f12abd7c73116a4562 200 253.548 ms
2025-02-12T18:27:28.236Z GET /api/cards 200 83.361 ms
2025-02-12T18:27:29.192Z PATCH /api/cards/679e26f12abd7c73116a455f 200 256.856 ms
2025-02-12T18:27:29.287Z GET /api/cards 200 89.129 ms
2025-02-12T18:27:33.531Z GET /api/cards/my-cards 200 188.922 ms
2025-02-12T18:27:33.710Z GET /api/cards/my-cards 304 174.473 ms
2025-02-12T18:27:42.618Z GET /api/cards 304 87.538 ms
2025-02-12T18:27:42.706Z GET /api/cards 304 84.553 ms
2025-02-12T18:27:46.977Z GET /api/cards 304 84.605 ms
2025-02-12T18:27:47.063Z GET /api/cards 304 83.931 ms
2025-02-12T18:27:50.910Z GET /api/cards 304 101.219 ms
2025-02-12T18:27:50.998Z GET /api/cards 304 84.185 ms
2025-02-12T18:27:53.063Z GET /api/cards 304 86.567 ms
2025-02-12T18:27:53.152Z GET /api/cards 304 86.338 ms
2025-02-12T18:27:54.984Z PATCH /api/cards/679e26f12abd7c73116a4565 200 251.598 ms
2025-02-12T18:27:55.077Z GET /api/cards 200 86.152 ms
2025-02-12T18:27:58.461Z GET /api/cards/my-cards 200 184.936 ms
2025-02-12T18:27:58.635Z GET /api/cards/my-cards 304 170.307 ms
2025-02-12T18:28:08.188Z GET /api/cards/my-cards 304 195.127 ms
2025-02-12T18:28:08.356Z GET /api/cards/my-cards 304 165.551 ms
2025-02-12T18:28:10.289Z GET /api/cards 304 83.622 ms
2025-02-12T18:28:10.378Z GET /api/cards 304 85.528 ms
2025-02-12T18:28:20.495Z GET /api/cards/my-cards 304 173.682 ms
2025-02-12T18:28:20.673Z GET /api/cards/my-cards 304 174.145 ms
2025-02-12T18:28:22.314Z GET /api/cards 304 104.191 ms
2025-02-12T18:28:22.400Z GET /api/cards 304 83.911 ms
2025-02-12T18:28:30.205Z GET /api/cards 304 84.226 ms
2025-02-12T18:28:30.290Z GET /api/cards 304 82.928 ms
2025-02-12T18:28:33.681Z GET /api/cards 304 92.773 ms
2025-02-12T18:28:33.771Z GET /api/cards 304 87.743 ms
2025-02-12T18:28:35.565Z GET /api/cards 304 83.564 ms
2025-02-12T18:28:35.652Z GET /api/cards 304 85.130 ms
2025-02-12T18:28:38.419Z GET /api/cards 304 107.783 ms
2025-02-12T18:28:38.505Z GET /api/cards 304 84.035 ms
2025-02-12T18:38:06.296Z GET /api/cards/my-cards 200 27.588 ms
2025-02-12T18:38:06.317Z GET /api/cards/my-cards 304 15.325 ms
2025-02-12T18:38:08.640Z PATCH /api/cards/679e26f12abd7c73116a455f 200 66.653 ms
2025-02-12T18:38:09.572Z PATCH /api/cards/679e26f12abd7c73116a4562 200 13.368 ms
2025-02-12T18:38:15.306Z GET /api/cards 200 15.467 ms
2025-02-12T18:38:15.330Z GET /api/cards 304 19.100 ms
2025-02-12T18:38:17.823Z GET /api/cards/my-cards 200 20.481 ms
2025-02-12T18:38:17.851Z GET /api/cards/my-cards 304 23.754 ms
2025-02-12T18:38:29.410Z DELETE /api/cards/67a114f706a8381165d67ea9 200 50.417 ms
2025-02-12T18:38:29.451Z GET /api/cards/my-cards 200 19.729 ms
2025-02-12T18:38:35.654Z GET /api/cards 200 11.911 ms
2025-02-12T18:38:35.678Z GET /api/cards 304 16.827 ms
2025-02-12T18:38:51.115Z POST /api/users/login 400 207.986 ms
2025-02-12T18:38:59.194Z POST /api/users/login 200 176.685 ms
2025-02-12T18:38:59.287Z GET /api/cards 304 10.126 ms
2025-02-12T18:38:59.303Z GET /api/cards 304 11.968 ms
2025-02-12T18:39:06.218Z PATCH /api/cards/67a23c33ab1eb40e932ea365 200 51.575 ms
2025-02-12T18:39:06.246Z GET /api/cards 200 16.000 ms
2025-02-12T18:39:08.743Z GET /api/cards 304 10.313 ms
2025-02-12T18:39:08.759Z GET /api/cards 304 13.092 ms
2025-02-12T18:40:53.870Z GET /api/users/679e26f12abd7c73116a454c 200 15.357 ms
2025-02-12T18:41:41.475Z GET /api/cards 304 7.440 ms
2025-02-12T18:41:41.482Z GET /api/cards 304 5.151 ms
2025-02-12T18:41:44.968Z GET /api/users/679e26f12abd7c73116a454c 304 7.022 ms
2025-02-12T18:41:44.980Z GET /api/users/679e26f12abd7c73116a454c 304 9.246 ms
2025-02-12T18:42:12.448Z PUT /api/users/679e26f12abd7c73116a454c 200 16.113 ms
2025-02-12T18:42:33.208Z PUT /api/users/679e26f12abd7c73116a454c 200 8.232 ms
2025-02-12T18:42:38.404Z GET /api/cards 304 7.721 ms
2025-02-12T18:42:38.416Z GET /api/cards 304 7.989 ms
2025-02-12T18:42:49.086Z POST /api/users/login 200 178.544 ms
2025-02-12T18:42:49.191Z GET /api/cards 304 12.430 ms
2025-02-12T18:42:49.209Z GET /api/cards 304 13.623 ms
2025-02-12T18:42:51.609Z GET /api/cards/my-cards 200 6.970 ms
2025-02-12T18:42:51.620Z GET /api/cards/my-cards 304 7.779 ms
2025-02-12T18:42:56.272Z GET /api/cards 304 5.160 ms
2025-02-12T18:42:56.285Z GET /api/cards 304 8.427 ms
2025-02-12T18:43:00.042Z GET /api/cards 304 10.473 ms
2025-02-12T18:43:00.058Z GET /api/cards 304 10.638 ms
2025-02-12T18:43:02.310Z PATCH /api/cards/67a114588f75f17beeeeb720 200 9.333 ms
2025-02-12T18:43:02.328Z GET /api/cards 200 8.478 ms
2025-02-12T18:43:07.713Z GET /api/users 200 15.075 ms
2025-02-12T18:43:07.734Z GET /api/users 304 15.641 ms
2025-02-12T18:43:09.192Z PATCH /api/users/679e26f12abd7c73116a4552 200 6.258 ms
2025-02-12T18:43:09.896Z PATCH /api/users/679e26f12abd7c73116a4552 200 6.067 ms
2025-02-12T18:43:10.833Z PATCH /api/users/679e26f12abd7c73116a454c 200 7.115 ms
2025-02-12T18:43:13.612Z PATCH /api/users/679e26f12abd7c73116a454c 200 7.199 ms
2025-02-12T18:43:15.192Z PATCH /api/users/679e7bc7d7f03387dcae7be0 200 12.449 ms
2025-02-12T18:43:15.979Z PATCH /api/users/679e7bc7d7f03387dcae7be0 200 10.315 ms
2025-02-12T18:43:16.926Z PATCH /api/users/679e359ffe28b25e653bcde5 200 13.868 ms
2025-02-12T18:43:17.486Z PATCH /api/users/679e359ffe28b25e653bcde5 200 14.850 ms
2025-02-12T18:43:23.950Z PUT /api/users/679e7bc7d7f03387dcae7be0 403 9.415 ms
2025-02-12T18:43:33.304Z PUT /api/users/679e26f12abd7c73116a4558 200 7.491 ms
2025-02-12T18:43:33.324Z GET /api/users 200 9.396 ms
2025-02-12T18:43:39.342Z PUT /api/users/679e359ffe28b25e653bcde5 403 3.632 ms
2025-02-12T18:43:44.977Z PUT /api/users/679e26f12abd7c73116a454c 403 3.864 ms
2025-02-12T18:52:30.239Z GET /api/users 304 30.060 ms
2025-02-12T18:52:30.259Z GET /api/users 304 16.435 ms
2025-02-12T18:52:33.564Z PATCH /api/users/679e26f12abd7c73116a454c 200 21.448 ms
2025-02-12T18:52:34.928Z PATCH /api/users/679e26f12abd7c73116a454c 200 12.604 ms
2025-02-12T18:52:36.890Z PATCH /api/users/679e26f12abd7c73116a4552 200 11.917 ms
2025-02-12T18:52:40.312Z PATCH /api/users/679e26f12abd7c73116a4552 200 12.422 ms
2025-02-12T18:55:42.143Z PATCH /api/users/679e26f12abd7c73116a4558 200 17.001 ms
2025-02-12T18:55:42.759Z PATCH /api/users/679e26f12abd7c73116a4558 200 14.939 ms
2025-02-12T18:55:44.187Z PATCH /api/users/679e359ffe28b25e653bcde5 200 15.806 ms
2025-02-12T18:55:44.786Z PATCH /api/users/679e359ffe28b25e653bcde5 200 16.355 ms
2025-02-12T18:55:49.972Z PUT /api/users/679e26f12abd7c73116a4558 200 18.787 ms
2025-02-12T18:55:49.999Z GET /api/users 304 14.130 ms
2025-02-12T18:55:54.890Z GET /api/users/679e26f12abd7c73116a4558 200 12.294 ms
2025-02-12T18:55:54.906Z GET /api/users/679e26f12abd7c73116a4558 304 13.426 ms
2025-02-12T18:56:07.574Z PUT /api/users/679e26f12abd7c73116a4558 200 8.729 ms
2025-02-12T18:56:11.870Z GET /api/cards 200 18.030 ms
2025-02-12T18:56:11.891Z GET /api/cards 304 16.595 ms
2025-02-12T18:56:14.980Z GET /api/cards/67a114588f75f17beeeeb720 200 6.431 ms
2025-02-12T18:56:14.989Z GET /api/cards/67a114588f75f17beeeeb720 304 6.028 ms
2025-02-12T18:56:16.997Z GET /api/cards 304 14.074 ms
2025-02-12T18:56:17.013Z GET /api/cards 304 12.341 ms
2025-02-12T18:56:18.552Z GET /api/cards/my-cards 304 12.371 ms
2025-02-12T18:56:18.565Z GET /api/cards/my-cards 304 9.738 ms
2025-02-12T18:56:20.485Z GET /api/cards 304 13.802 ms
2025-02-12T18:56:20.500Z GET /api/cards 304 12.692 ms
2025-02-12T18:56:22.126Z PATCH /api/cards/679e744efe28b25e653bcdfe 200 39.146 ms
2025-02-12T18:56:22.148Z GET /api/cards 200 13.017 ms
2025-02-12T18:56:23.071Z GET /api/cards 304 10.268 ms
2025-02-12T18:56:23.090Z GET /api/cards 304 14.483 ms
2025-02-12T18:56:39.647Z POST /api/users/login 200 210.998 ms
2025-02-12T18:56:39.754Z GET /api/cards 304 11.808 ms
2025-02-12T18:56:39.768Z GET /api/cards 304 8.925 ms
2025-02-12T18:56:44.368Z GET /api/users/679e26f12abd7c73116a4552 200 14.009 ms
2025-02-12T18:56:44.381Z GET /api/users/679e26f12abd7c73116a4552 304 10.272 ms
2025-02-12T18:56:52.634Z PUT /api/users/679e26f12abd7c73116a4552 200 10.980 ms
2025-02-12T18:56:55.999Z PUT /api/users/679e26f12abd7c73116a4552 200 13.684 ms
2025-02-12T18:56:56.020Z PATCH /api/users/679e26f12abd7c73116a4552 200 12.151 ms
2025-02-12T18:57:05.868Z POST /api/users/login 200 178.407 ms
2025-02-12T18:57:05.956Z GET /api/cards 304 11.075 ms
2025-02-12T18:57:05.973Z GET /api/cards 304 13.530 ms
2025-02-12T18:57:10.341Z GET /api/users/679e26f12abd7c73116a4552 200 14.989 ms
2025-02-12T18:57:10.354Z GET /api/users/679e26f12abd7c73116a4552 304 10.328 ms
2025-02-12T18:57:12.836Z PUT /api/users/679e26f12abd7c73116a4552 200 10.008 ms
2025-02-12T18:57:12.851Z PATCH /api/users/679e26f12abd7c73116a4552 200 10.218 ms
2025-02-12T18:57:21.152Z POST /api/users/login 400 114.872 ms
2025-02-12T18:57:28.738Z POST /api/users/login 200 175.666 ms
2025-02-12T18:57:28.832Z GET /api/cards 304 9.879 ms
2025-02-12T18:57:28.846Z GET /api/cards 304 10.353 ms
2025-02-12T19:12:49.173Z GET /api/cards/my-cards 200 30.278 ms
2025-02-12T19:12:49.198Z GET /api/cards/my-cards 304 19.558 ms
2025-02-12T19:12:53.307Z GET /api/cards 304 13.968 ms
2025-02-12T19:12:53.328Z GET /api/cards 304 16.993 ms
2025-02-12T19:12:55.754Z GET /api/cards/679e26f12abd7c73116a455f 200 5.824 ms
2025-02-12T19:12:55.762Z GET /api/cards/679e26f12abd7c73116a455f 304 5.019 ms
2025-02-12T19:12:57.179Z GET /api/cards 304 12.249 ms
2025-02-12T19:12:57.198Z GET /api/cards 304 15.769 ms
2025-02-12T19:13:01.959Z GET /api/cards 304 13.592 ms
2025-02-12T19:13:01.977Z GET /api/cards 304 14.045 ms
2025-02-12T19:13:14.213Z POST /api/users/login 200 206.871 ms
2025-02-12T19:13:14.309Z GET /api/cards 304 15.120 ms
2025-02-12T19:13:14.324Z GET /api/cards 304 11.393 ms
2025-02-12T19:13:17.702Z GET /api/users 200 17.253 ms
2025-02-12T19:13:17.719Z GET /api/users 304 12.810 ms
2025-02-12T19:13:19.858Z PATCH /api/users/679e26f12abd7c73116a454c 200 20.616 ms
2025-02-12T19:13:20.457Z PATCH /api/users/679e26f12abd7c73116a454c 200 12.622 ms
2025-02-12T19:13:32.632Z GET /api/cards 304 10.489 ms
2025-02-12T19:13:32.650Z GET /api/cards 304 15.400 ms
2025-02-12T19:13:35.079Z GET /api/cards 304 12.328 ms
2025-02-12T19:13:35.092Z GET /api/cards 304 9.640 ms
2025-02-12T19:13:38.639Z GET /api/cards/my-cards 200 5.473 ms
2025-02-12T19:13:51.135Z GET /api/cards 200 99.800 ms
2025-02-12T19:13:51.216Z GET /api/cards 304 79.331 ms
2025-02-12T19:13:52.807Z GET /api/users 200 171.825 ms
2025-02-12T19:13:52.963Z GET /api/users 304 153.459 ms
2025-02-12T19:13:54.783Z PATCH /api/users/679e26f12abd7c73116a454c 200 192.867 ms
2025-02-12T19:13:56.624Z PATCH /api/users/679e26f12abd7c73116a454c 200 207.096 ms
2025-02-12T19:13:57.432Z PATCH /api/users/679e26f12abd7c73116a454c 200 183.981 ms
2025-02-12T19:13:58.031Z PATCH /api/users/679e26f12abd7c73116a454c 200 185.222 ms
2025-02-12T19:14:03.090Z PUT /api/users/679e7bc7d7f03387dcae7be0 200 167.373 ms
2025-02-12T19:14:03.257Z GET /api/users 200 155.745 ms
2025-02-12T19:14:04.610Z GET /api/cards 304 87.406 ms
2025-02-12T19:14:04.694Z GET /api/cards 304 81.517 ms
2025-02-12T19:14:06.488Z PATCH /api/cards/679e26f12abd7c73116a4565 200 254.352 ms
2025-02-12T19:14:06.573Z GET /api/cards 200 79.165 ms
2025-02-12T19:14:11.127Z GET /api/cards/my-cards 200 174.286 ms
2025-02-12T19:14:11.291Z GET /api/cards/my-cards 304 158.594 ms
2025-02-12T19:14:11.887Z GET /api/cards 304 102.986 ms
2025-02-12T19:14:11.977Z GET /api/cards 304 83.477 ms
2025-02-12T19:32:35.812Z GET /api/cards 304 609.105 ms
2025-02-12T19:32:35.898Z GET /api/cards 304 84.107 ms
2025-02-13T07:24:50.148Z GET /api/cards 304 661.244 ms
2025-02-13T07:24:50.221Z GET /api/cards 304 71.923 ms
2025-02-13T07:24:52.270Z GET /api/cards 304 70.569 ms
2025-02-13T07:24:52.343Z GET /api/cards 304 71.156 ms
2025-02-13T07:25:31.724Z POST /api/users 201 231.866 ms
2025-02-13T07:25:44.528Z POST /api/users/login 200 123.255 ms
2025-02-13T07:25:44.622Z GET /api/cards 304 71.580 ms
2025-02-13T07:25:44.697Z GET /api/cards 304 72.831 ms
2025-02-13T07:25:53.123Z GET /api/cards 304 70.450 ms
2025-02-13T07:25:53.202Z GET /api/cards 304 76.688 ms
2025-02-13T07:25:54.219Z GET /api/cards 304 75.557 ms
2025-02-13T07:25:54.291Z GET /api/cards 304 70.510 ms
2025-02-13T07:25:56.000Z PATCH /api/cards/679e26f12abd7c73116a4565 200 227.380 ms
2025-02-13T07:25:56.073Z GET /api/cards 200 70.604 ms
2025-02-13T07:25:57.336Z GET /api/cards 304 72.615 ms
2025-02-13T07:25:57.409Z GET /api/cards 304 71.665 ms
2025-02-13T07:27:35.830Z GET /api/cards 200 6.358 ms
2025-02-13T07:27:35.836Z GET /api/cards 304 4.432 ms
2025-02-13T07:27:36.762Z GET /api/cards 304 3.672 ms
2025-02-13T07:27:36.768Z GET /api/cards 304 4.191 ms
2025-02-13T07:27:39.470Z GET /api/cards 304 3.519 ms
2025-02-13T07:27:39.475Z GET /api/cards 304 3.725 ms
2025-02-13T07:27:49.742Z POST /api/users/login 400 2.585 ms
2025-02-13T07:29:38.903Z POST /api/users 201 107.788 ms
2025-02-13T07:42:39.508Z GET /api/cards/my-cards 200 6.918 ms
2025-02-13T07:42:42.359Z GET /api/cards/679e744efe28b25e653bcdfe 200 2.985 ms
2025-02-13T07:42:45.256Z GET /api/cards 200 6.195 ms
2025-02-13T07:42:51.877Z POST /api/cards 201 10.448 ms
2025-02-13T07:42:55.152Z PUT /api/cards/67a23c33ab1eb40e932ea365 200 16.490 ms
2025-02-13T07:42:57.426Z PATCH /api/cards/679e744efe28b25e653bcdfe 200 11.167 ms
2025-02-13T07:43:01.219Z PATCH /api/cards/679e744efe28b25e653bcdfe 200 12.469 ms
2025-02-13T07:43:05.179Z POST /api/users/login 200 78.805 ms
2025-02-13T07:43:09.594Z POST /api/users 201 86.108 ms
2025-02-13T07:43:12.455Z GET /api/users/67a4e15b4cdcf6dce10d0a81 404 6.613 ms
2025-02-13T07:43:16.280Z GET /api/users 200 7.005 ms
2025-02-13T07:43:38.379Z GET /api/users/67a4e15b4cdcf6dce10d0a81 404 4.299 ms
2025-02-13T07:43:39.585Z GET /api/users/67a4e15b4cdcf6dce10d0a81 404 4.277 ms
2025-02-13T07:43:45.514Z GET /api/users/679e26f12abd7c73116a4552 200 4.500 ms
2025-02-13T07:43:48.648Z GET /api/users 200 6.875 ms
2025-02-13T07:43:51.000Z PUT /api/users/679e26f12abd7c73116a4552 200 8.374 ms
2025-02-13T07:43:55.515Z PATCH /api/users/679e26f12abd7c73116a4558 200 4.516 ms
2025-02-13T07:57:20.382Z GET /api/cards 200 3.145 ms
2025-02-13T07:57:31.199Z PATCH /api/cards/679e744efe28b25e653bcdfe 200 5.621 ms
2025-02-13T07:57:34.307Z PATCH /api/cards/679e26f12abd7c73116a455f 200 5.669 ms
2025-02-13T08:02:59.636Z GET /api/users 200 7.023 ms
2025-02-13T08:04:24.005Z GET /api/cards 200 6.552 ms
2025-02-13T08:09:17.992Z GET /api/users 200 10.797 ms
2025-02-13T08:09:22.966Z GET /api/users 200 7.011 ms
2025-02-13T08:09:25.529Z GET /api/users/679e26f12abd7c73116a4552 200 7.796 ms
2025-02-13T08:09:27.044Z GET /api/users 200 3.479 ms
2025-02-13T08:09:57.672Z GET /api/users 200 8.833 ms
2025-02-13T08:10:06.495Z GET /api/cards 200 5.681 ms
2025-02-13T08:10:11.926Z GET /api/users 200 5.901 ms
2025-02-13T10:42:19.576Z GET /api/cards 200 6.498 ms
2025-02-13T10:42:20.461Z GET /api/cards 200 9.583 ms
2025-02-13T10:42:22.649Z GET /api/cards/my-cards 401 4.663 ms
2025-02-13T10:42:26.629Z GET /api/cards/my-cards 401 1.675 ms
2025-02-13T10:42:31.475Z GET /api/cards 200 10.022 ms
2025-02-13T10:42:33.882Z GET /api/cards/my-cards 401 1.437 ms
2025-02-13T10:42:36.532Z GET /api/cards/679e744efe28b25e653bcdfe 200 5.048 ms
2025-02-13T10:42:58.210Z POST /api/users/login 200 105.002 ms
2025-02-13T10:43:05.480Z GET /api/cards/my-cards 200 5.859 ms
2025-02-13T10:43:07.152Z GET /api/cards/my-cards 200 6.177 ms
2025-02-13T10:43:11.925Z PUT /api/cards/67a23c33ab1eb40e932ea365 401 1.422 ms
2025-02-13T10:43:18.660Z PUT /api/cards/67a23c33ab1eb40e932ea365 200 13.381 ms
2025-02-13T10:43:22.379Z PATCH /api/cards/679e26f12abd7c73116a455f 401 1.922 ms
2025-02-13T10:43:26.816Z PATCH /api/cards/679e26f12abd7c73116a455f 200 18.469 ms
2025-02-13T10:50:23.754Z GET /api/cards/my-cards 200 3.836 ms
2025-02-13T10:50:26.627Z GET /api/cards/679e744efe28b25e653bcdfe 200 2.808 ms
2025-02-13T10:53:06.180Z GET /api/users/679e26f12abd7c73116a4552 401 1.602 ms
2025-02-13T10:53:08.983Z GET /api/users 401 1.776 ms
2025-02-13T10:53:25.449Z GET /api/users 401 1.860 ms
2025-02-13T10:53:31.046Z GET /api/users 200 8.345 ms
